"","x","y","label","colour"
"1","TSNE1","TSNE2","label","classification"
